// Jest Snapshot v1, https://goo.gl/fbAQLP

exports[`UserBusinessItem component rendering has a valid snapshot 1`] = `
<UserBusinessItem
  businessData={
    Array [
      "blue",
      "briefcase",
      "Siret",
      "siret",
    ]
  }
  businessValue="879878949"
>
  <div
    className="item"
  >
    <div
      className="ui label large blue"
    >
      <i
        className="id icon briefcase"
      />
      <span
        className="business-name"
      >
        Siret
        : 
      </span>
    </div>
    <span
      className="siret"
    >
      879878949
    </span>
  </div>
</UserBusinessItem>
`;
